{"status":"deleted","message-mongo":"Deleted count=(1), Acknowledged=(True).","message-os":"","message-job":""}