{"immunespace_download_id":"7e44cd57","email":"krobasky@renci.org","group_id":"time_series_2","apikey":"apikey|f486c6983c58c4a1f0339de75aa36692","status":"started","stderr":null,"date_created":"2022-01-05T05:55:44.417000+00:00","start_date":"2022-01-05T05:55:44.465000+00:00","end_date":"2022-01-05T06:00:27.668000+00:00"}