{"task_id":"f94ce7e3-eb79-47d9-a24e-825453cdc9c3","immunespace_download_id":"7e44cd57","status":"finished","stderr":null,"date_created":"2022-01-05T06:01:05.682000+00:00","start_date":"2022-01-05T06:01:05.713000+00:00","end_date":"2022-01-05T06:14:41.851000+00:00"}