[{"task_id":"f94ce7e3-eb79-47d9-a24e-825453cdc9c3"}]