{"SampleNumber":325,"Ref":"MT_recon_2_2_entrez.mat","ThreshType":"local","PercentileOrValue":"percentile","Percentile":50,"Value":5,"LocalThresholdType":"minmaxmean","PercentileLow":25,"PercentileHigh":75,"ValueLow":5,"ValueHigh":10}